
> jyotish-ui@0.0.0 start
> ng serve --port 4600 --proxy-config proxy.conf.json --port 4600 --host 0.0.0.0


Initial Chunk Files   | Names         |  Raw Size
vendor.js             | vendor        |   2.56 MB |
main.js               | main          | 480.71 kB |
polyfills.js          | polyfills     | 252.54 kB |
styles.css, styles.js | styles        | 153.42 kB |
runtime.js            | runtime       |   6.50 kB |

| Initial Total |   3.44 MB

Build at: 2026-08-21T02:59:35.902Z - Hash: 20f1a2e5aa6489e9 - Time: 9065ms

** Angular Live Development Server is listening on 0.0.0.0:4600, open your browser on http://localhost:4600/ **


√ Compiled successfully.

Initial Chunk Files | Names   |  Raw Size
main.js             | main    | 486.13 kB |
runtime.js          | runtime |   6.50 kB |

3 unchanged chunks

Build at: 2026-08-21T03:09:08.178Z - Hash: f89411d9180eca4b - Time: 1702ms

× Failed to compile.

Initial Chunk Files | Names   |  Raw Size
main.js             | main    | 501.10 kB |
runtime.js          | runtime |   6.50 kB |

3 unchanged chunks

Build at: 2026-08-21T03:09:14.738Z - Hash: c806fb71a81cb1af - Time: 1110ms

× Failed to compile.

Initial Chunk Files | Names   |  Raw Size
main.js             | main    | 501.52 kB |
runtime.js          | runtime |   6.50 kB |

3 unchanged chunks

Build at: 2026-08-21T03:09:16.643Z - Hash: c920370a43f3dc8d - Time: 491ms

× Failed to compile.

Initial Chunk Files | Names   |  Raw Size
main.js             | main    | 502.94 kB |
runtime.js          | runtime |   6.50 kB |

3 unchanged chunks

Build at: 2026-08-21T03:09:18.142Z - Hash: f8cdbc8a59bef0f6 - Time: 914ms

× Failed to compile.

Initial Chunk Files | Names   |  Raw Size
main.js             | main    | 502.94 kB |
runtime.js          | runtime |   6.50 kB |

3 unchanged chunks

Build at: 2026-08-21T03:09:19.384Z - Hash: cb07a78a50655408 - Time: 522ms

× Failed to compile.

Initial Chunk Files | Names   |  Raw Size
main.js             | main    | 504.68 kB |
runtime.js          | runtime |   6.50 kB |

3 unchanged chunks

Build at: 2026-08-21T03:09:20.101Z - Hash: 3a7842abf6d4a1a2 - Time: 640ms

× Failed to compile.

Initial Chunk Files | Names   |  Raw Size
main.js             | main    | 504.68 kB |
runtime.js          | runtime |   6.50 kB |

3 unchanged chunks

Build at: 2026-08-21T03:09:43.995Z - Hash: 964b8590ff1d04d3 - Time: 385ms

√ Compiled successfully.

Initial Chunk Files | Names   |  Raw Size
main.js             | main    | 515.26 kB |
runtime.js          | runtime |   6.50 kB |

3 unchanged chunks

Build at: 2026-08-21T03:09:45.746Z - Hash: f68fc3c67f72248f - Time: 1518ms

√ Compiled successfully.

Initial Chunk Files | Names   |  Raw Size
main.js             | main    | 515.75 kB |
runtime.js          | runtime |   6.50 kB |

3 unchanged chunks

Build at: 2026-08-21T03:10:04.464Z - Hash: be233d837fcf4fb2 - Time: 2691ms

√ Compiled successfully.

Initial Chunk Files | Names   |  Raw Size
main.js             | main    | 519.68 kB |
runtime.js          | runtime |   6.50 kB |

3 unchanged chunks

Build at: 2026-08-21T03:10:07.339Z - Hash: 4302c909442b2df3 - Time: 2802ms

√ Compiled successfully.

Initial Chunk Files | Names   |  Raw Size
main.js             | main    | 519.68 kB |
runtime.js          | runtime |   6.50 kB |

3 unchanged chunks

Build at: 2026-08-21T03:10:08.639Z - Hash: 0190f5c197782f28 - Time: 1264ms

√ Compiled successfully.

Initial Chunk Files | Names   |  Raw Size
main.js             | main    | 519.96 kB |
runtime.js          | runtime |   6.50 kB |

3 unchanged chunks

Build at: 2026-08-21T03:10:16.987Z - Hash: f7f68dcd4a6c354d - Time: 1189ms

√ Compiled successfully.

Initial Chunk Files | Names   |  Raw Size
main.js             | main    | 522.50 kB |
runtime.js          | runtime |   6.50 kB |

3 unchanged chunks

Build at: 2026-08-21T03:10:31.163Z - Hash: a9c5ede37366e539 - Time: 1130ms

√ Compiled successfully.

Initial Chunk Files | Names   |  Raw Size
main.js             | main    | 525.83 kB |
runtime.js          | runtime |   6.50 kB |

3 unchanged chunks

Build at: 2026-08-21T03:10:36.197Z - Hash: cab28a8a3a55e10b - Time: 646ms

√ Compiled successfully.

Initial Chunk Files | Names   |  Raw Size
main.js             | main    | 527.83 kB |
runtime.js          | runtime |   6.50 kB |

3 unchanged chunks

Build at: 2026-08-21T03:10:37.922Z - Hash: 2f4f0355a90a8471 - Time: 619ms

√ Compiled successfully.

Initial Chunk Files | Names   |  Raw Size
main.js             | main    | 528.38 kB |
runtime.js          | runtime |   6.50 kB |

3 unchanged chunks

Build at: 2026-08-21T03:10:40.143Z - Hash: cb234f00ff6ac4b9 - Time: 367ms

√ Compiled successfully.

Initial Chunk Files | Names   |  Raw Size
main.js             | main    | 529.12 kB |
runtime.js          | runtime |   6.50 kB |

3 unchanged chunks

Build at: 2026-08-21T03:10:47.209Z - Hash: 8558cbdd8f097755 - Time: 337ms

√ Compiled successfully.

Initial Chunk Files | Names   |  Raw Size
main.js             | main    | 531.38 kB |
runtime.js          | runtime |   6.50 kB |

3 unchanged chunks

Build at: 2026-08-21T03:10:53.809Z - Hash: c6cdfa7687ef5e10 - Time: 1175ms

√ Compiled successfully.

Initial Chunk Files | Names   |  Raw Size
main.js             | main    | 532.78 kB |
runtime.js          | runtime |   6.50 kB |

3 unchanged chunks

Build at: 2026-08-21T03:10:54.586Z - Hash: c4500a59aabbe9f1 - Time: 735ms

√ Compiled successfully.

Initial Chunk Files | Names   |  Raw Size
main.js             | main    | 533.03 kB |
runtime.js          | runtime |   6.50 kB |

3 unchanged chunks

Build at: 2026-08-21T03:11:30.862Z - Hash: 8c24524f7f90af59 - Time: 1071ms

√ Compiled successfully.

Initial Chunk Files | Names   |  Raw Size
main.js             | main    | 533.29 kB |
runtime.js          | runtime |   6.50 kB |

3 unchanged chunks

Build at: 2026-08-21T03:11:31.524Z - Hash: 11d03535b0ce9c69 - Time: 633ms

√ Compiled successfully.

5 unchanged chunks

Build at: 2026-08-21T03:11:41.584Z - Hash: 11d03535b0ce9c69 - Time: 180ms

√ Compiled successfully.

Initial Chunk Files | Names   |  Raw Size
main.js             | main    | 530.30 kB |
runtime.js          | runtime |   6.50 kB |

3 unchanged chunks

Build at: 2026-08-21T03:12:10.730Z - Hash: ba5f0050b40caf99 - Time: 3409ms

× Failed to compile.
