Option 'port' has been specified multiple times. The value '4600' will be used.

Warning: This is a simple server for use in testing or debugging Angular applications
locally. It hasn't been reviewed for security issues.

Binding this server to an open connection can result in compromising your application or
computer. Using a different host than the one passed to the "--host" flag might result in
websocket connection issues. You might need to use "--disable-host-check" if that's the
case.
    
- Generating browser application bundles (phase: setup)...
√ Browser application bundle generation complete.
√ Browser application bundle generation complete.

Error: src/app/app.component.html:6:37 - error NG8004: No pipe found with name 't'.

6       <p class="tag">{{ 'app.tag' | t }}</p>
                                      ~

  src/app/app.component.ts:12:16
    12   templateUrl: './app.component.html',
                      ~~~~~~~~~~~~~~~~~~~~~~
    Error occurs in the template of component AppComponent.


Error: src/app/app.component.html:11:24 - error NG8004: No pipe found with name 't'.

11       'nav.profiles' | t
                          ~

  src/app/app.component.ts:12:16
    12   templateUrl: './app.component.html',
                      ~~~~~~~~~~~~~~~~~~~~~~
    Error occurs in the template of component AppComponent.


Error: src/app/app.component.html:14:24 - error NG8004: No pipe found with name 't'.

14       'nav.matching' | t
                          ~

  src/app/app.component.ts:12:16
    12   templateUrl: './app.component.html',
                      ~~~~~~~~~~~~~~~~~~~~~~
    Error occurs in the template of component AppComponent.


Error: src/app/app.component.html:16:77 - error NG8004: No pipe found with name 't'.

16     <a routerLink="/panchang" routerLinkActive="active">{{ 'nav.panchang' | t }}</a>
                                                                               ~

  src/app/app.component.ts:12:16
    12   templateUrl: './app.component.html',
                      ~~~~~~~~~~~~~~~~~~~~~~
    Error occurs in the template of component AppComponent.


Error: src/app/app.component.html:17:75 - error NG8004: No pipe found with name 't'.

17     <a routerLink="/clients" routerLinkActive="active">{{ 'nav.clients' | t }}</a>
                                                                             ~

  src/app/app.component.ts:12:16
    12   templateUrl: './app.component.html',
                      ~~~~~~~~~~~~~~~~~~~~~~
    Error occurs in the template of component AppComponent.


Error: src/app/app.component.html:18:85 - error NG8004: No pipe found with name 't'.

18     <a routerLink="/appointments" routerLinkActive="active">{{ 'nav.appointments' | t }}</a>
                                                                                       ~

  src/app/app.component.ts:12:16
    12   templateUrl: './app.component.html',
                      ~~~~~~~~~~~~~~~~~~~~~~
    Error occurs in the template of component AppComponent.


Error: src/app/app.component.html:21:76 - error NG8004: No pipe found with name 't'.

21     <div class="lang-toggle" role="group" [attr.aria-label]="'lang.aria' | t">
                                                                              ~

  src/app/app.component.ts:12:16
    12   templateUrl: './app.component.html',
                      ~~~~~~~~~~~~~~~~~~~~~~
    Error occurs in the template of component AppComponent.


Error: src/app/app.component.html:25:25 - error TS2339: Property 'language' does not exist on type 'AppComponent'.

25         [class.active]="language.lang === 'hi'"
                           ~~~~~~~~

  src/app/app.component.ts:12:16
    12   templateUrl: './app.component.html',
                      ~~~~~~~~~~~~~~~~~~~~~~
    Error occurs in the template of component AppComponent.


Error: src/app/app.component.html:26:18 - error TS2339: Property 'setLang' does not exist on type 'AppComponent'.

26         (click)="setLang('hi')"
                    ~~~~~~~

  src/app/app.component.ts:12:16
    12   templateUrl: './app.component.html',
                      ~~~~~~~~~~~~~~~~~~~~~~
    Error occurs in the template of component AppComponent.


Error: src/app/app.component.html:28:24 - error NG8004: No pipe found with name 't'.

28         {{ 'lang.hi' | t }}
                          ~

  src/app/app.component.ts:12:16
    12   templateUrl: './app.component.html',
                      ~~~~~~~~~~~~~~~~~~~~~~
    Error occurs in the template of component AppComponent.


Error: src/app/app.component.html:33:25 - error TS2339: Property 'language' does not exist on type 'AppComponent'.

33         [class.active]="language.lang === 'en'"
                           ~~~~~~~~

  src/app/app.component.ts:12:16
    12   templateUrl: './app.component.html',
                      ~~~~~~~~~~~~~~~~~~~~~~
    Error occurs in the template of component AppComponent.


Error: src/app/app.component.html:34:18 - error TS2339: Property 'setLang' does not exist on type 'AppComponent'.

34         (click)="setLang('en')"
                    ~~~~~~~

  src/app/app.component.ts:12:16
    12   templateUrl: './app.component.html',
                      ~~~~~~~~~~~~~~~~~~~~~~
    Error occurs in the template of component AppComponent.


Error: src/app/app.component.html:36:24 - error NG8004: No pipe found with name 't'.

36         {{ 'lang.en' | t }}
                          ~

  src/app/app.component.ts:12:16
    12   templateUrl: './app.component.html',
                      ~~~~~~~~~~~~~~~~~~~~~~
    Error occurs in the template of component AppComponent.


Error: src/app/app.component.html:39:45 - error NG8004: No pipe found with name 't'.

39     <label for="tenant">{{ 'tenant.label' | t }}</label>
                                               ~

  src/app/app.component.ts:12:16
    12   templateUrl: './app.component.html',
                      ~~~~~~~~~~~~~~~~~~~~~~
    Error occurs in the template of component AppComponent.


Error: src/app/app.component.html:46:80 - error NG8004: No pipe found with name 't'.

46     <button type="button" class="btn" (click)="saveTenant()">{{ 'tenant.set' | t }}</button>
                                                                                  ~

  src/app/app.component.ts:12:16
    12   templateUrl: './app.component.html',
                      ~~~~~~~~~~~~~~~~~~~~~~
    Error occurs in the template of component AppComponent.


Error: src/app/app.component.html:47:90 - error NG8004: No pipe found with name 't'.

47     <button type="button" class="btn ghost" (click)="refreshStatus()">{{ 'tenant.ping' | t }}</button>
                                                                                            ~

  src/app/app.component.ts:12:16
    12   templateUrl: './app.component.html',
                      ~~~~~~~~~~~~~~~~~~~~~~
    Error occurs in the template of component AppComponent.


Error: src/app/app.component.html:55:11 - error TS2554: Expected 1 arguments, but got 0.

55     <p>{{ upgradeHint() }}</p>
             ~~~~~~~~~~~

  src/app/app.component.ts:12:16
    12   templateUrl: './app.component.html',
                      ~~~~~~~~~~~~~~~~~~~~~~
    Error occurs in the template of component AppComponent.


Error: src/app/app.component.html:60:34 - error NG8004: No pipe found with name 't'.

60     <span>· {{ 'status.engine' | t: { version: s.engineVersion } }}</span>
                                    ~

  src/app/app.component.ts:12:16
    12   templateUrl: './app.component.html',
                      ~~~~~~~~~~~~~~~~~~~~~~
    Error occurs in the template of component AppComponent.


Error: src/app/app.component.html:61:71 - error NG8004: No pipe found with name 't'.

61     <span *ngIf="s.entitlementEnabled">· {{ 'status.entitlementsOn' | t }}</span>
                                                                         ~

  src/app/app.component.ts:12:16
    12   templateUrl: './app.component.html',
                      ~~~~~~~~~~~~~~~~~~~~~~
    Error occurs in the template of component AppComponent.



√ Browser application bundle generation complete.

Error: src/app/app.component.html:6:37 - error NG8004: No pipe found with name 't'.

6       <p class="tag">{{ 'app.tag' | t }}</p>
                                      ~

  src/app/app.component.ts:13:16
    13   templateUrl: './app.component.html',
                      ~~~~~~~~~~~~~~~~~~~~~~
    Error occurs in the template of component AppComponent.


Error: src/app/app.component.html:11:24 - error NG8004: No pipe found with name 't'.

11       'nav.profiles' | t
                          ~

  src/app/app.component.ts:13:16
    13   templateUrl: './app.component.html',
                      ~~~~~~~~~~~~~~~~~~~~~~
    Error occurs in the template of component AppComponent.


Error: src/app/app.component.html:14:24 - error NG8004: No pipe found with name 't'.

14       'nav.matching' | t
                          ~

  src/app/app.component.ts:13:16
    13   templateUrl: './app.component.html',
                      ~~~~~~~~~~~~~~~~~~~~~~
    Error occurs in the template of component AppComponent.


Error: src/app/app.component.html:16:77 - error NG8004: No pipe found with name 't'.

16     <a routerLink="/panchang" routerLinkActive="active">{{ 'nav.panchang' | t }}</a>
                                                                               ~

  src/app/app.component.ts:13:16
    13   templateUrl: './app.component.html',
                      ~~~~~~~~~~~~~~~~~~~~~~
    Error occurs in the template of component AppComponent.


Error: src/app/app.component.html:17:75 - error NG8004: No pipe found with name 't'.

17     <a routerLink="/clients" routerLinkActive="active">{{ 'nav.clients' | t }}</a>
                                                                             ~

  src/app/app.component.ts:13:16
    13   templateUrl: './app.component.html',
                      ~~~~~~~~~~~~~~~~~~~~~~
    Error occurs in the template of component AppComponent.


Error: src/app/app.component.html:18:85 - error NG8004: No pipe found with name 't'.

18     <a routerLink="/appointments" routerLinkActive="active">{{ 'nav.appointments' | t }}</a>
                                                                                       ~

  src/app/app.component.ts:13:16
    13   templateUrl: './app.component.html',
                      ~~~~~~~~~~~~~~~~~~~~~~
    Error occurs in the template of component AppComponent.


Error: src/app/app.component.html:21:76 - error NG8004: No pipe found with name 't'.

21     <div class="lang-toggle" role="group" [attr.aria-label]="'lang.aria' | t">
                                                                              ~

  src/app/app.component.ts:13:16
    13   templateUrl: './app.component.html',
                      ~~~~~~~~~~~~~~~~~~~~~~
    Error occurs in the template of component AppComponent.


Error: src/app/app.component.html:26:18 - error TS2339: Property 'setLang' does not exist on type 'AppComponent'.

26         (click)="setLang('hi')"
                    ~~~~~~~

  src/app/app.component.ts:13:16
    13   templateUrl: './app.component.html',
                      ~~~~~~~~~~~~~~~~~~~~~~
    Error occurs in the template of component AppComponent.


Error: src/app/app.component.html:28:24 - error NG8004: No pipe found with name 't'.

28         {{ 'lang.hi' | t }}
                          ~

  src/app/app.component.ts:13:16
    13   templateUrl: './app.component.html',
                      ~~~~~~~~~~~~~~~~~~~~~~
    Error occurs in the template of component AppComponent.


Error: src/app/app.component.html:34:18 - error TS2339: Property 'setLang' does not exist on type 'AppComponent'.

34         (click)="setLang('en')"
                    ~~~~~~~

  src/app/app.component.ts:13:16
    13   templateUrl: './app.component.html',
                      ~~~~~~~~~~~~~~~~~~~~~~
    Error occurs in the template of component AppComponent.


Error: src/app/app.component.html:36:24 - error NG8004: No pipe found with name 't'.

36         {{ 'lang.en' | t }}
                          ~

  src/app/app.component.ts:13:16
    13   templateUrl: './app.component.html',
                      ~~~~~~~~~~~~~~~~~~~~~~
    Error occurs in the template of component AppComponent.


Error: src/app/app.component.html:39:45 - error NG8004: No pipe found with name 't'.

39     <label for="tenant">{{ 'tenant.label' | t }}</label>
                                               ~

  src/app/app.component.ts:13:16
    13   templateUrl: './app.component.html',
                      ~~~~~~~~~~~~~~~~~~~~~~
    Error occurs in the template of component AppComponent.


Error: src/app/app.component.html:46:80 - error NG8004: No pipe found with name 't'.

46     <button type="button" class="btn" (click)="saveTenant()">{{ 'tenant.set' | t }}</button>
                                                                                  ~

  src/app/app.component.ts:13:16
    13   templateUrl: './app.component.html',
                      ~~~~~~~~~~~~~~~~~~~~~~
    Error occurs in the template of component AppComponent.


Error: src/app/app.component.html:47:90 - error NG8004: No pipe found with name 't'.

47     <button type="button" class="btn ghost" (click)="refreshStatus()">{{ 'tenant.ping' | t }}</button>
                                                                                            ~

  src/app/app.component.ts:13:16
    13   templateUrl: './app.component.html',
                      ~~~~~~~~~~~~~~~~~~~~~~
    Error occurs in the template of component AppComponent.


Error: src/app/app.component.html:55:11 - error TS2554: Expected 1 arguments, but got 0.

55     <p>{{ upgradeHint() }}</p>
             ~~~~~~~~~~~

  src/app/app.component.ts:13:16
    13   templateUrl: './app.component.html',
                      ~~~~~~~~~~~~~~~~~~~~~~
    Error occurs in the template of component AppComponent.


Error: src/app/app.component.html:60:34 - error NG8004: No pipe found with name 't'.

60     <span>· {{ 'status.engine' | t: { version: s.engineVersion } }}</span>
                                    ~

  src/app/app.component.ts:13:16
    13   templateUrl: './app.component.html',
                      ~~~~~~~~~~~~~~~~~~~~~~
    Error occurs in the template of component AppComponent.


Error: src/app/app.component.html:61:71 - error NG8004: No pipe found with name 't'.

61     <span *ngIf="s.entitlementEnabled">· {{ 'status.entitlementsOn' | t }}</span>
                                                                         ~

  src/app/app.component.ts:13:16
    13   templateUrl: './app.component.html',
                      ~~~~~~~~~~~~~~~~~~~~~~
    Error occurs in the template of component AppComponent.


Error: src/app/app.component.ts:8:10 - error TS2459: Module '"./core/i18n/language.service"' declares 'Lang' locally, but it is not exported.

8 import { Lang, LanguageService } from './core/i18n/language.service';
           ~~~~

  src/app/core/i18n/language.service.ts:3:10
    3 import { Lang, TRANSLATIONS } from './translations';
               ~~~~
    'Lang' is declared here.



√ Browser application bundle generation complete.

Error: src/app/app.component.html:6:37 - error NG8004: No pipe found with name 't'.

6       <p class="tag">{{ 'app.tag' | t }}</p>
                                      ~

  src/app/app.component.ts:13:16
    13   templateUrl: './app.component.html',
                      ~~~~~~~~~~~~~~~~~~~~~~
    Error occurs in the template of component AppComponent.


Error: src/app/app.component.html:11:24 - error NG8004: No pipe found with name 't'.

11       'nav.profiles' | t
                          ~

  src/app/app.component.ts:13:16
    13   templateUrl: './app.component.html',
                      ~~~~~~~~~~~~~~~~~~~~~~
    Error occurs in the template of component AppComponent.


Error: src/app/app.component.html:14:24 - error NG8004: No pipe found with name 't'.

14       'nav.matching' | t
                          ~

  src/app/app.component.ts:13:16
    13   templateUrl: './app.component.html',
                      ~~~~~~~~~~~~~~~~~~~~~~
    Error occurs in the template of component AppComponent.


Error: src/app/app.component.html:16:77 - error NG8004: No pipe found with name 't'.

16     <a routerLink="/panchang" routerLinkActive="active">{{ 'nav.panchang' | t }}</a>
                                                                               ~

  src/app/app.component.ts:13:16
    13   templateUrl: './app.component.html',
                      ~~~~~~~~~~~~~~~~~~~~~~
    Error occurs in the template of component AppComponent.


Error: src/app/app.component.html:17:75 - error NG8004: No pipe found with name 't'.

17     <a routerLink="/clients" routerLinkActive="active">{{ 'nav.clients' | t }}</a>
                                                                             ~

  src/app/app.component.ts:13:16
    13   templateUrl: './app.component.html',
                      ~~~~~~~~~~~~~~~~~~~~~~
    Error occurs in the template of component AppComponent.


Error: src/app/app.component.html:18:85 - error NG8004: No pipe found with name 't'.

18     <a routerLink="/appointments" routerLinkActive="active">{{ 'nav.appointments' | t }}</a>
                                                                                       ~

  src/app/app.component.ts:13:16
    13   templateUrl: './app.component.html',
                      ~~~~~~~~~~~~~~~~~~~~~~
    Error occurs in the template of component AppComponent.


Error: src/app/app.component.html:21:76 - error NG8004: No pipe found with name 't'.

21     <div class="lang-toggle" role="group" [attr.aria-label]="'lang.aria' | t">
                                                                              ~

  src/app/app.component.ts:13:16
    13   templateUrl: './app.component.html',
                      ~~~~~~~~~~~~~~~~~~~~~~
    Error occurs in the template of component AppComponent.


Error: src/app/app.component.html:28:24 - error NG8004: No pipe found with name 't'.

28         {{ 'lang.hi' | t }}
                          ~

  src/app/app.component.ts:13:16
    13   templateUrl: './app.component.html',
                      ~~~~~~~~~~~~~~~~~~~~~~
    Error occurs in the template of component AppComponent.


Error: src/app/app.component.html:36:24 - error NG8004: No pipe found with name 't'.

36         {{ 'lang.en' | t }}
                          ~

  src/app/app.component.ts:13:16
    13   templateUrl: './app.component.html',
                      ~~~~~~~~~~~~~~~~~~~~~~
    Error occurs in the template of component AppComponent.


Error: src/app/app.component.html:39:45 - error NG8004: No pipe found with name 't'.

39     <label for="tenant">{{ 'tenant.label' | t }}</label>
                                               ~

  src/app/app.component.ts:13:16
    13   templateUrl: './app.component.html',
                      ~~~~~~~~~~~~~~~~~~~~~~
    Error occurs in the template of component AppComponent.


Error: src/app/app.component.html:46:80 - error NG8004: No pipe found with name 't'.

46     <button type="button" class="btn" (click)="saveTenant()">{{ 'tenant.set' | t }}</button>
                                                                                  ~

  src/app/app.component.ts:13:16
    13   templateUrl: './app.component.html',
                      ~~~~~~~~~~~~~~~~~~~~~~
    Error occurs in the template of component AppComponent.


Error: src/app/app.component.html:47:90 - error NG8004: No pipe found with name 't'.

47     <button type="button" class="btn ghost" (click)="refreshStatus()">{{ 'tenant.ping' | t }}</button>
                                                                                            ~

  src/app/app.component.ts:13:16
    13   templateUrl: './app.component.html',
                      ~~~~~~~~~~~~~~~~~~~~~~
    Error occurs in the template of component AppComponent.


Error: src/app/app.component.html:60:34 - error NG8004: No pipe found with name 't'.

60     <span>· {{ 'status.engine' | t: { version: s.engineVersion } }}</span>
                                    ~

  src/app/app.component.ts:13:16
    13   templateUrl: './app.component.html',
                      ~~~~~~~~~~~~~~~~~~~~~~
    Error occurs in the template of component AppComponent.


Error: src/app/app.component.html:61:71 - error NG8004: No pipe found with name 't'.

61     <span *ngIf="s.entitlementEnabled">· {{ 'status.entitlementsOn' | t }}</span>
                                                                         ~

  src/app/app.component.ts:13:16
    13   templateUrl: './app.component.html',
                      ~~~~~~~~~~~~~~~~~~~~~~
    Error occurs in the template of component AppComponent.


Error: src/app/app.component.ts:8:10 - error TS2459: Module '"./core/i18n/language.service"' declares 'Lang' locally, but it is not exported.

8 import { Lang, LanguageService } from './core/i18n/language.service';
           ~~~~

  src/app/core/i18n/language.service.ts:3:10
    3 import { Lang, TRANSLATIONS } from './translations';
               ~~~~
    'Lang' is declared here.



√ Browser application bundle generation complete.

Error: src/app/app.component.html:6:37 - error NG8004: No pipe found with name 't'.

6       <p class="tag">{{ 'app.tag' | t }}</p>
                                      ~

  src/app/app.component.ts:13:16
    13   templateUrl: './app.component.html',
                      ~~~~~~~~~~~~~~~~~~~~~~
    Error occurs in the template of component AppComponent.


Error: src/app/app.component.html:11:24 - error NG8004: No pipe found with name 't'.

11       'nav.profiles' | t
                          ~

  src/app/app.component.ts:13:16
    13   templateUrl: './app.component.html',
                      ~~~~~~~~~~~~~~~~~~~~~~
    Error occurs in the template of component AppComponent.


Error: src/app/app.component.html:14:24 - error NG8004: No pipe found with name 't'.

14       'nav.matching' | t
                          ~

  src/app/app.component.ts:13:16
    13   templateUrl: './app.component.html',
                      ~~~~~~~~~~~~~~~~~~~~~~
    Error occurs in the template of component AppComponent.


Error: src/app/app.component.html:16:77 - error NG8004: No pipe found with name 't'.

16     <a routerLink="/panchang" routerLinkActive="active">{{ 'nav.panchang' | t }}</a>
                                                                               ~

  src/app/app.component.ts:13:16
    13   templateUrl: './app.component.html',
                      ~~~~~~~~~~~~~~~~~~~~~~
    Error occurs in the template of component AppComponent.


Error: src/app/app.component.html:17:75 - error NG8004: No pipe found with name 't'.

17     <a routerLink="/clients" routerLinkActive="active">{{ 'nav.clients' | t }}</a>
                                                                             ~

  src/app/app.component.ts:13:16
    13   templateUrl: './app.component.html',
                      ~~~~~~~~~~~~~~~~~~~~~~
    Error occurs in the template of component AppComponent.


Error: src/app/app.component.html:18:85 - error NG8004: No pipe found with name 't'.

18     <a routerLink="/appointments" routerLinkActive="active">{{ 'nav.appointments' | t }}</a>
                                                                                       ~

  src/app/app.component.ts:13:16
    13   templateUrl: './app.component.html',
                      ~~~~~~~~~~~~~~~~~~~~~~
    Error occurs in the template of component AppComponent.


Error: src/app/app.component.html:21:76 - error NG8004: No pipe found with name 't'.

21     <div class="lang-toggle" role="group" [attr.aria-label]="'lang.aria' | t">
                                                                              ~

  src/app/app.component.ts:13:16
    13   templateUrl: './app.component.html',
                      ~~~~~~~~~~~~~~~~~~~~~~
    Error occurs in the template of component AppComponent.


Error: src/app/app.component.html:28:24 - error NG8004: No pipe found with name 't'.

28         {{ 'lang.hi' | t }}
                          ~

  src/app/app.component.ts:13:16
    13   templateUrl: './app.component.html',
                      ~~~~~~~~~~~~~~~~~~~~~~
    Error occurs in the template of component AppComponent.


Error: src/app/app.component.html:36:24 - error NG8004: No pipe found with name 't'.

36         {{ 'lang.en' | t }}
                          ~

  src/app/app.component.ts:13:16
    13   templateUrl: './app.component.html',
                      ~~~~~~~~~~~~~~~~~~~~~~
    Error occurs in the template of component AppComponent.


Error: src/app/app.component.html:39:45 - error NG8004: No pipe found with name 't'.

39     <label for="tenant">{{ 'tenant.label' | t }}</label>
                                               ~

  src/app/app.component.ts:13:16
    13   templateUrl: './app.component.html',
                      ~~~~~~~~~~~~~~~~~~~~~~
    Error occurs in the template of component AppComponent.


Error: src/app/app.component.html:46:80 - error NG8004: No pipe found with name 't'.

46     <button type="button" class="btn" (click)="saveTenant()">{{ 'tenant.set' | t }}</button>
                                                                                  ~

  src/app/app.component.ts:13:16
    13   templateUrl: './app.component.html',
                      ~~~~~~~~~~~~~~~~~~~~~~
    Error occurs in the template of component AppComponent.


Error: src/app/app.component.html:47:90 - error NG8004: No pipe found with name 't'.

47     <button type="button" class="btn ghost" (click)="refreshStatus()">{{ 'tenant.ping' | t }}</button>
                                                                                            ~

  src/app/app.component.ts:13:16
    13   templateUrl: './app.component.html',
                      ~~~~~~~~~~~~~~~~~~~~~~
    Error occurs in the template of component AppComponent.


Error: src/app/app.component.html:60:34 - error NG8004: No pipe found with name 't'.

60     <span>· {{ 'status.engine' | t: { version: s.engineVersion } }}</span>
                                    ~

  src/app/app.component.ts:13:16
    13   templateUrl: './app.component.html',
                      ~~~~~~~~~~~~~~~~~~~~~~
    Error occurs in the template of component AppComponent.


Error: src/app/app.component.html:61:71 - error NG8004: No pipe found with name 't'.

61     <span *ngIf="s.entitlementEnabled">· {{ 'status.entitlementsOn' | t }}</span>
                                                                         ~

  src/app/app.component.ts:13:16
    13   templateUrl: './app.component.html',
                      ~~~~~~~~~~~~~~~~~~~~~~
    Error occurs in the template of component AppComponent.


Error: src/app/app.component.ts:8:10 - error TS2459: Module '"./core/i18n/language.service"' declares 'Lang' locally, but it is not exported.

8 import { Lang, LanguageService } from './core/i18n/language.service';
           ~~~~

  src/app/core/i18n/language.service.ts:3:10
    3 import { Lang, TRANSLATIONS } from './translations';
               ~~~~
    'Lang' is declared here.



√ Browser application bundle generation complete.

Error: src/app/app.component.html:6:37 - error NG8004: No pipe found with name 't'.

6       <p class="tag">{{ 'app.tag' | t }}</p>
                                      ~

  src/app/app.component.ts:13:16
    13   templateUrl: './app.component.html',
                      ~~~~~~~~~~~~~~~~~~~~~~
    Error occurs in the template of component AppComponent.


Error: src/app/app.component.html:11:24 - error NG8004: No pipe found with name 't'.

11       'nav.profiles' | t
                          ~

  src/app/app.component.ts:13:16
    13   templateUrl: './app.component.html',
                      ~~~~~~~~~~~~~~~~~~~~~~
    Error occurs in the template of component AppComponent.


Error: src/app/app.component.html:14:24 - error NG8004: No pipe found with name 't'.

14       'nav.matching' | t
                          ~

  src/app/app.component.ts:13:16
    13   templateUrl: './app.component.html',
                      ~~~~~~~~~~~~~~~~~~~~~~
    Error occurs in the template of component AppComponent.


Error: src/app/app.component.html:16:77 - error NG8004: No pipe found with name 't'.

16     <a routerLink="/panchang" routerLinkActive="active">{{ 'nav.panchang' | t }}</a>
                                                                               ~

  src/app/app.component.ts:13:16
    13   templateUrl: './app.component.html',
                      ~~~~~~~~~~~~~~~~~~~~~~
    Error occurs in the template of component AppComponent.


Error: src/app/app.component.html:17:75 - error NG8004: No pipe found with name 't'.

17     <a routerLink="/clients" routerLinkActive="active">{{ 'nav.clients' | t }}</a>
                                                                             ~

  src/app/app.component.ts:13:16
    13   templateUrl: './app.component.html',
                      ~~~~~~~~~~~~~~~~~~~~~~
    Error occurs in the template of component AppComponent.


Error: src/app/app.component.html:18:85 - error NG8004: No pipe found with name 't'.

18     <a routerLink="/appointments" routerLinkActive="active">{{ 'nav.appointments' | t }}</a>
                                                                                       ~

  src/app/app.component.ts:13:16
    13   templateUrl: './app.component.html',
                      ~~~~~~~~~~~~~~~~~~~~~~
    Error occurs in the template of component AppComponent.


Error: src/app/app.component.html:21:76 - error NG8004: No pipe found with name 't'.

21     <div class="lang-toggle" role="group" [attr.aria-label]="'lang.aria' | t">
                                                                              ~

  src/app/app.component.ts:13:16
    13   templateUrl: './app.component.html',
                      ~~~~~~~~~~~~~~~~~~~~~~
    Error occurs in the template of component AppComponent.


Error: src/app/app.component.html:28:24 - error NG8004: No pipe found with name 't'.

28         {{ 'lang.hi' | t }}
                          ~

  src/app/app.component.ts:13:16
    13   templateUrl: './app.component.html',
                      ~~~~~~~~~~~~~~~~~~~~~~
    Error occurs in the template of component AppComponent.


Error: src/app/app.component.html:36:24 - error NG8004: No pipe found with name 't'.

36         {{ 'lang.en' | t }}
                          ~

  src/app/app.component.ts:13:16
    13   templateUrl: './app.component.html',
                      ~~~~~~~~~~~~~~~~~~~~~~
    Error occurs in the template of component AppComponent.


Error: src/app/app.component.html:39:45 - error NG8004: No pipe found with name 't'.

39     <label for="tenant">{{ 'tenant.label' | t }}</label>
                                               ~

  src/app/app.component.ts:13:16
    13   templateUrl: './app.component.html',
                      ~~~~~~~~~~~~~~~~~~~~~~
    Error occurs in the template of component AppComponent.


Error: src/app/app.component.html:46:80 - error NG8004: No pipe found with name 't'.

46     <button type="button" class="btn" (click)="saveTenant()">{{ 'tenant.set' | t }}</button>
                                                                                  ~

  src/app/app.component.ts:13:16
    13   templateUrl: './app.component.html',
                      ~~~~~~~~~~~~~~~~~~~~~~
    Error occurs in the template of component AppComponent.


Error: src/app/app.component.html:47:90 - error NG8004: No pipe found with name 't'.

47     <button type="button" class="btn ghost" (click)="refreshStatus()">{{ 'tenant.ping' | t }}</button>
                                                                                            ~

  src/app/app.component.ts:13:16
    13   templateUrl: './app.component.html',
                      ~~~~~~~~~~~~~~~~~~~~~~
    Error occurs in the template of component AppComponent.


Error: src/app/app.component.html:60:34 - error NG8004: No pipe found with name 't'.

60     <span>· {{ 'status.engine' | t: { version: s.engineVersion } }}</span>
                                    ~

  src/app/app.component.ts:13:16
    13   templateUrl: './app.component.html',
                      ~~~~~~~~~~~~~~~~~~~~~~
    Error occurs in the template of component AppComponent.


Error: src/app/app.component.html:61:71 - error NG8004: No pipe found with name 't'.

61     <span *ngIf="s.entitlementEnabled">· {{ 'status.entitlementsOn' | t }}</span>
                                                                         ~

  src/app/app.component.ts:13:16
    13   templateUrl: './app.component.html',
                      ~~~~~~~~~~~~~~~~~~~~~~
    Error occurs in the template of component AppComponent.


Error: src/app/app.component.ts:8:10 - error TS2459: Module '"./core/i18n/language.service"' declares 'Lang' locally, but it is not exported.

8 import { Lang, LanguageService } from './core/i18n/language.service';
           ~~~~

  src/app/core/i18n/language.service.ts:3:10
    3 import { Lang, TRANSLATIONS } from './translations';
               ~~~~
    'Lang' is declared here.



√ Browser application bundle generation complete.

Error: src/app/app.component.ts:8:10 - error TS2459: Module '"./core/i18n/language.service"' declares 'Lang' locally, but it is not exported.

8 import { Lang, LanguageService } from './core/i18n/language.service';
           ~~~~

  src/app/core/i18n/language.service.ts:3:10
    3 import { Lang, TRANSLATIONS } from './translations';
               ~~~~
    'Lang' is declared here.



√ Browser application bundle generation complete.
√ Browser application bundle generation complete.
√ Browser application bundle generation complete.
√ Browser application bundle generation complete.
√ Browser application bundle generation complete.
√ Browser application bundle generation complete.
√ Browser application bundle generation complete.
√ Browser application bundle generation complete.
√ Browser application bundle generation complete.
√ Browser application bundle generation complete.
√ Browser application bundle generation complete.
√ Browser application bundle generation complete.
√ Browser application bundle generation complete.
√ Browser application bundle generation complete.
√ Browser application bundle generation complete.
√ Browser application bundle generation complete.
√ Browser application bundle generation complete.

Error: src/app/app.component.html:6:37 - error NG8004: No pipe found with name 't'.

6       <p class="tag">{{ 'app.tag' | t }}</p>
                                      ~

  src/app/app.component.ts:13:16
    13   templateUrl: './app.component.html',
                      ~~~~~~~~~~~~~~~~~~~~~~
    Error occurs in the template of component AppComponent.


Error: src/app/app.component.html:11:24 - error NG8004: No pipe found with name 't'.

11       'nav.profiles' | t
                          ~

  src/app/app.component.ts:13:16
    13   templateUrl: './app.component.html',
                      ~~~~~~~~~~~~~~~~~~~~~~
    Error occurs in the template of component AppComponent.


Error: src/app/app.component.html:14:24 - error NG8004: No pipe found with name 't'.

14       'nav.matching' | t
                          ~

  src/app/app.component.ts:13:16
    13   templateUrl: './app.component.html',
                      ~~~~~~~~~~~~~~~~~~~~~~
    Error occurs in the template of component AppComponent.


Error: src/app/app.component.html:16:77 - error NG8004: No pipe found with name 't'.

16     <a routerLink="/panchang" routerLinkActive="active">{{ 'nav.panchang' | t }}</a>
                                                                               ~

  src/app/app.component.ts:13:16
    13   templateUrl: './app.component.html',
                      ~~~~~~~~~~~~~~~~~~~~~~
    Error occurs in the template of component AppComponent.


Error: src/app/app.component.html:17:75 - error NG8004: No pipe found with name 't'.

17     <a routerLink="/clients" routerLinkActive="active">{{ 'nav.clients' | t }}</a>
                                                                             ~

  src/app/app.component.ts:13:16
    13   templateUrl: './app.component.html',
                      ~~~~~~~~~~~~~~~~~~~~~~
    Error occurs in the template of component AppComponent.


Error: src/app/app.component.html:18:85 - error NG8004: No pipe found with name 't'.

18     <a routerLink="/appointments" routerLinkActive="active">{{ 'nav.appointments' | t }}</a>
                                                                                       ~

  src/app/app.component.ts:13:16
    13   templateUrl: './app.component.html',
                      ~~~~~~~~~~~~~~~~~~~~~~
    Error occurs in the template of component AppComponent.


Error: src/app/app.component.html:21:76 - error NG8004: No pipe found with name 't'.

21     <div class="lang-toggle" role="group" [attr.aria-label]="'lang.aria' | t">
                                                                              ~

  src/app/app.component.ts:13:16
    13   templateUrl: './app.component.html',
                      ~~~~~~~~~~~~~~~~~~~~~~
    Error occurs in the template of component AppComponent.


Error: src/app/app.component.html:28:24 - error NG8004: No pipe found with name 't'.

28         {{ 'lang.hi' | t }}
                          ~

  src/app/app.component.ts:13:16
    13   templateUrl: './app.component.html',
                      ~~~~~~~~~~~~~~~~~~~~~~
    Error occurs in the template of component AppComponent.


Error: src/app/app.component.html:36:24 - error NG8004: No pipe found with name 't'.

36         {{ 'lang.en' | t }}
                          ~

  src/app/app.component.ts:13:16
    13   templateUrl: './app.component.html',
                      ~~~~~~~~~~~~~~~~~~~~~~
    Error occurs in the template of component AppComponent.


Error: src/app/app.component.html:39:45 - error NG8004: No pipe found with name 't'.

39     <label for="tenant">{{ 'tenant.label' | t }}</label>
                                               ~

  src/app/app.component.ts:13:16
    13   templateUrl: './app.component.html',
                      ~~~~~~~~~~~~~~~~~~~~~~
    Error occurs in the template of component AppComponent.


Error: src/app/app.component.html:46:80 - error NG8004: No pipe found with name 't'.

46     <button type="button" class="btn" (click)="saveTenant()">{{ 'tenant.set' | t }}</button>
                                                                                  ~

  src/app/app.component.ts:13:16
    13   templateUrl: './app.component.html',
                      ~~~~~~~~~~~~~~~~~~~~~~
    Error occurs in the template of component AppComponent.


Error: src/app/app.component.html:47:90 - error NG8004: No pipe found with name 't'.

47     <button type="button" class="btn ghost" (click)="refreshStatus()">{{ 'tenant.ping' | t }}</button>
                                                                                            ~

  src/app/app.component.ts:13:16
    13   templateUrl: './app.component.html',
                      ~~~~~~~~~~~~~~~~~~~~~~
    Error occurs in the template of component AppComponent.


Error: src/app/app.component.html:60:34 - error NG8004: No pipe found with name 't'.

60     <span>· {{ 'status.engine' | t: { version: s.engineVersion } }}</span>
                                    ~

  src/app/app.component.ts:13:16
    13   templateUrl: './app.component.html',
                      ~~~~~~~~~~~~~~~~~~~~~~
    Error occurs in the template of component AppComponent.


Error: src/app/app.component.html:61:71 - error NG8004: No pipe found with name 't'.

61     <span *ngIf="s.entitlementEnabled">· {{ 'status.entitlementsOn' | t }}</span>
                                                                         ~

  src/app/app.component.ts:13:16
    13   templateUrl: './app.component.html',
                      ~~~~~~~~~~~~~~~~~~~~~~
    Error occurs in the template of component AppComponent.


Error: src/app/appointments/appointments-page.component.html:17:39 - error NG8004: No pipe found with name 't'.

17     <h2>{{ editingId ? ('appt.edit' | t) : ('appt.new' | t) }}</h2>
                                         ~

  src/app/appointments/appointments-page.component.ts:13:16
    13   templateUrl: './appointments-page.component.html',
                      ~~~~~~~~~~~~~~~~~~~~~~~~~~~~~~~~~~~~
    Error occurs in the template of component AppointmentsPageComponent.


Error: src/app/appointments/appointments-page.component.html:17:58 - error NG8004: No pipe found with name 't'.

17     <h2>{{ editingId ? ('appt.edit' | t) : ('appt.new' | t) }}</h2>
                                                            ~

  src/app/appointments/appointments-page.component.ts:13:16
    13   templateUrl: './appointments-page.component.html',
                      ~~~~~~~~~~~~~~~~~~~~~~~~~~~~~~~~~~~~
    Error occurs in the template of component AppointmentsPageComponent.


Error: src/app/appointments/appointments-page.component.html:19:27 - error NG8004: No pipe found with name 't'.

19       {{ 'common.clear' | t }}
                             ~

  src/app/appointments/appointments-page.component.ts:13:16
    13   templateUrl: './appointments-page.component.html',
                      ~~~~~~~~~~~~~~~~~~~~~~~~~~~~~~~~~~~~
    Error occurs in the template of component AppointmentsPageComponent.


Error: src/app/appointments/appointments-page.component.html:25:26 - error NG8004: No pipe found with name 't'.

25       {{ 'appt.client' | t }}
                            ~

  src/app/appointments/appointments-page.component.ts:13:16
    13   templateUrl: './appointments-page.component.html',
                      ~~~~~~~~~~~~~~~~~~~~~~~~~~~~~~~~~~~~
    Error occurs in the template of component AppointmentsPageComponent.


Error: src/app/appointments/appointments-page.component.html:32:24 - error NG8004: No pipe found with name 't'.

32       {{ 'appt.date' | t }}
                          ~

  src/app/appointments/appointments-page.component.ts:13:16
    13   templateUrl: './appointments-page.component.html',
                      ~~~~~~~~~~~~~~~~~~~~~~~~~~~~~~~~~~~~
    Error occurs in the template of component AppointmentsPageComponent.


Error: src/app/appointments/appointments-page.component.html:36:24 - error NG8004: No pipe found with name 't'.

36       {{ 'appt.time' | t }}
                          ~

  src/app/appointments/appointments-page.component.ts:13:16
    13   templateUrl: './appointments-page.component.html',
                      ~~~~~~~~~~~~~~~~~~~~~~~~~~~~~~~~~~~~
    Error occurs in the template of component AppointmentsPageComponent.


Error: src/app/appointments/appointments-page.component.html:40:24 - error NG8004: No pipe found with name 't'.

40       {{ 'appt.type' | t }}
                          ~

  src/app/appointments/appointments-page.component.ts:13:16
    13   templateUrl: './appointments-page.component.html',
                      ~~~~~~~~~~~~~~~~~~~~~~~~~~~~~~~~~~~~
    Error occurs in the template of component AppointmentsPageComponent.


Error: src/app/appointments/appointments-page.component.html:46:28 - error NG8004: No pipe found with name 't'.

46       {{ 'common.status' | t }}
                              ~

  src/app/appointments/appointments-page.component.ts:13:16
    13   templateUrl: './appointments-page.component.html',
                      ~~~~~~~~~~~~~~~~~~~~~~~~~~~~~~~~~~~~
    Error occurs in the template of component AppointmentsPageComponent.


Error: src/app/appointments/appointments-page.component.html:69:41 - error NG8004: No pipe found with name 't'.

69       {{ editingId ? ('common.update' | t) : ('common.save' | t) }}
                                           ~

  src/app/appointments/appointments-page.component.ts:13:16
    13   templateUrl: './appointments-page.component.html',
                      ~~~~~~~~~~~~~~~~~~~~~~~~~~~~~~~~~~~~
    Error occurs in the template of component AppointmentsPageComponent.


Error: src/app/appointments/appointments-page.component.html:69:63 - error NG8004: No pipe found with name 't'.

69       {{ editingId ? ('common.update' | t) : ('common.save' | t) }}
                                                                 ~

  src/app/appointments/appointments-page.component.ts:13:16
    13   templateUrl: './appointments-page.component.html',
                      ~~~~~~~~~~~~~~~~~~~~~~~~~~~~~~~~~~~~
    Error occurs in the template of component AppointmentsPageComponent.


Error: src/app/appointments/appointments-page.component.html:73:32 - error NG8004: No pipe found with name 't'.

73     {{ 'clients.createFirst' | t }}
                                  ~

  src/app/appointments/appointments-page.component.ts:13:16
    13   templateUrl: './appointments-page.component.html',
                      ~~~~~~~~~~~~~~~~~~~~~~~~~~~~~~~~~~~~
    Error occurs in the template of component AppointmentsPageComponent.


Error: src/app/appointments/appointments-page.component.html:74:50 - error NG8004: No pipe found with name 't'.

74     (<a routerLink="/clients">{{ 'nav.clients' | t }}</a>)
                                                    ~

  src/app/appointments/appointments-page.component.ts:13:16
    13   templateUrl: './appointments-page.component.html',
                      ~~~~~~~~~~~~~~~~~~~~~~~~~~~~~~~~~~~~
    Error occurs in the template of component AppointmentsPageComponent.


Error: src/app/appointments/appointments-page.component.html:80:26 - error NG8004: No pipe found with name 't'.

80     <h2>{{ 'appt.list' | t }}</h2>
                            ~

  src/app/appointments/appointments-page.component.ts:13:16
    13   templateUrl: './appointments-page.component.html',
                      ~~~~~~~~~~~~~~~~~~~~~~~~~~~~~~~~~~~~
    Error occurs in the template of component AppointmentsPageComponent.


Error: src/app/appointments/appointments-page.component.html:87:31 - error NG8004: No pipe found with name 't'.

87         {{ 'common.refresh' | t }}
                                 ~

  src/app/appointments/appointments-page.component.ts:13:16
    13   templateUrl: './appointments-page.component.html',
                      ~~~~~~~~~~~~~~~~~~~~~~~~~~~~~~~~~~~~
    Error occurs in the template of component AppointmentsPageComponent.


Error: src/app/appointments/appointments-page.component.html:120:39 - error NG8004: No pipe found with name 't'.

120     <p class="hint">{{ 'appt.empty' | t }}</p>
                                          ~

  src/app/appointments/appointments-page.component.ts:13:16
    13   templateUrl: './appointments-page.component.html',
                      ~~~~~~~~~~~~~~~~~~~~~~~~~~~~~~~~~~~~
    Error occurs in the template of component AppointmentsPageComponent.


Error: src/app/clients/clients-page.component.html:17:42 - error NG8004: No pipe found with name 't'.

17     <h2>{{ editingId ? ('clients.edit' | t) : ('clients.new' | t) }}</h2>
                                            ~

  src/app/clients/clients-page.component.ts:13:16
    13   templateUrl: './clients-page.component.html',
                      ~~~~~~~~~~~~~~~~~~~~~~~~~~~~~~~
    Error occurs in the template of component ClientsPageComponent.


Error: src/app/clients/clients-page.component.html:17:64 - error NG8004: No pipe found with name 't'.

17     <h2>{{ editingId ? ('clients.edit' | t) : ('clients.new' | t) }}</h2>
                                                                  ~

  src/app/clients/clients-page.component.ts:13:16
    13   templateUrl: './clients-page.component.html',
                      ~~~~~~~~~~~~~~~~~~~~~~~~~~~~~~~
    Error occurs in the template of component ClientsPageComponent.


Error: src/app/clients/clients-page.component.html:19:27 - error NG8004: No pipe found with name 't'.

19       {{ 'common.clear' | t }}
                             ~

  src/app/clients/clients-page.component.ts:13:16
    13   templateUrl: './clients-page.component.html',
                      ~~~~~~~~~~~~~~~~~~~~~~~~~~~~~~~
    Error occurs in the template of component ClientsPageComponent.


Error: src/app/clients/clients-page.component.html:25:26 - error NG8004: No pipe found with name 't'.

25       {{ 'common.name' | t }}
                            ~

  src/app/clients/clients-page.component.ts:13:16
    13   templateUrl: './clients-page.component.html',
                      ~~~~~~~~~~~~~~~~~~~~~~~~~~~~~~~
    Error occurs in the template of component ClientsPageComponent.


Error: src/app/clients/clients-page.component.html:29:29 - error NG8004: No pipe found with name 't'.

29       {{ 'clients.mobile' | t }}
                               ~

  src/app/clients/clients-page.component.ts:13:16
    13   templateUrl: './clients-page.component.html',
                      ~~~~~~~~~~~~~~~~~~~~~~~~~~~~~~~
    Error occurs in the template of component ClientsPageComponent.


Error: src/app/clients/clients-page.component.html:33:28 - error NG8004: No pipe found with name 't'.

33       {{ 'clients.email' | t }}
                              ~

  src/app/clients/clients-page.component.ts:13:16
    13   templateUrl: './clients-page.component.html',
                      ~~~~~~~~~~~~~~~~~~~~~~~~~~~~~~~
    Error occurs in the template of component ClientsPageComponent.


Error: src/app/clients/clients-page.component.html:37:27 - error NG8004: No pipe found with name 't'.

37       {{ 'common.notes' | t }}
                             ~

  src/app/clients/clients-page.component.ts:13:16
    13   templateUrl: './clients-page.component.html',
                      ~~~~~~~~~~~~~~~~~~~~~~~~~~~~~~~
    Error occurs in the template of component ClientsPageComponent.


Error: src/app/clients/clients-page.component.html:59:41 - error NG8004: No pipe found with name 't'.

59       {{ editingId ? ('common.update' | t) : ('common.save' | t) }}
                                           ~

  src/app/clients/clients-page.component.ts:13:16
    13   templateUrl: './clients-page.component.html',
                      ~~~~~~~~~~~~~~~~~~~~~~~~~~~~~~~
    Error occurs in the template of component ClientsPageComponent.


Error: src/app/clients/clients-page.component.html:59:63 - error NG8004: No pipe found with name 't'.

59       {{ editingId ? ('common.update' | t) : ('common.save' | t) }}
                                                                 ~

  src/app/clients/clients-page.component.ts:13:16
    13   templateUrl: './clients-page.component.html',
                      ~~~~~~~~~~~~~~~~~~~~~~~~~~~~~~~
    Error occurs in the template of component ClientsPageComponent.


Error: src/app/clients/clients-page.component.html:65:29 - error NG8004: No pipe found with name 't'.

65   <h2>{{ 'clients.detail' | t }}</h2>
                               ~

  src/app/clients/clients-page.component.ts:13:16
    13   templateUrl: './clients-page.component.html',
                      ~~~~~~~~~~~~~~~~~~~~~~~~~~~~~~~
    Error occurs in the template of component ClientsPageComponent.


Error: src/app/clients/clients-page.component.html:85:29 - error NG8004: No pipe found with name 't'.

85     <h2>{{ 'clients.list' | t }}</h2>
                               ~

  src/app/clients/clients-page.component.ts:13:16
    13   templateUrl: './clients-page.component.html',
                      ~~~~~~~~~~~~~~~~~~~~~~~~~~~~~~~
    Error occurs in the template of component ClientsPageComponent.


Error: src/app/clients/clients-page.component.html:90:43 - error NG8004: No pipe found with name 't'.

90         [placeholder]="'clients.search' | t"
                                             ~

  src/app/clients/clients-page.component.ts:13:16
    13   templateUrl: './clients-page.component.html',
                      ~~~~~~~~~~~~~~~~~~~~~~~~~~~~~~~
    Error occurs in the template of component ClientsPageComponent.


Error: src/app/clients/clients-page.component.html:94:31 - error NG8004: No pipe found with name 't'.

94         {{ 'common.refresh' | t }}
                                 ~

  src/app/clients/clients-page.component.ts:13:16
    13   templateUrl: './clients-page.component.html',
                      ~~~~~~~~~~~~~~~~~~~~~~~~~~~~~~~
    Error occurs in the template of component ClientsPageComponent.


Error: src/app/clients/clients-page.component.html:125:42 - error NG8004: No pipe found with name 't'.

125     <p class="hint">{{ 'clients.empty' | t }}</p>
                                             ~

  src/app/clients/clients-page.component.ts:13:16
    13   templateUrl: './clients-page.component.html',
                      ~~~~~~~~~~~~~~~~~~~~~~~~~~~~~~~
    Error occurs in the template of component ClientsPageComponent.


Error: src/app/kundali/kundali-page.component.html:3:84 - error NG8004: No pipe found with name 't'.

3     <button type="button" class="btn ghost" (click)="back()">← {{ 'kundali.back' | t }}</button>
                                                                                     ~

  src/app/kundali/kundali-page.component.ts:23:16
    23   templateUrl: './kundali-page.component.html',
                      ~~~~~~~~~~~~~~~~~~~~~~~~~~~~~~~
    Error occurs in the template of component KundaliPageComponent.


Error: src/app/kundali/kundali-page.component.html:21:31 - error NG8004: No pipe found with name 't'.

21       {{ 'kundali.overview' | t }}
                                 ~

  src/app/kundali/kundali-page.component.ts:23:16
    23   templateUrl: './kundali-page.component.html',
                      ~~~~~~~~~~~~~~~~~~~~~~~~~~~~~~~
    Error occurs in the template of component KundaliPageComponent.


Error: src/app/kundali/kundali-page.component.html:24:30 - error NG8004: No pipe found with name 't'.

24       {{ 'kundali.planets' | t }}
                                ~

  src/app/kundali/kundali-page.component.ts:23:16
    23   templateUrl: './kundali-page.component.html',
                      ~~~~~~~~~~~~~~~~~~~~~~~~~~~~~~~
    Error occurs in the template of component KundaliPageComponent.


Error: src/app/kundali/kundali-page.component.html:27:29 - error NG8004: No pipe found with name 't'.

27       {{ 'kundali.houses' | t }}
                               ~

  src/app/kundali/kundali-page.component.ts:23:16
    23   templateUrl: './kundali-page.component.html',
                      ~~~~~~~~~~~~~~~~~~~~~~~~~~~~~~~
    Error occurs in the template of component KundaliPageComponent.


Error: src/app/kundali/kundali-page.component.html:30:29 - error NG8004: No pipe found with name 't'.

30       {{ 'kundali.charts' | t }}
                               ~

  src/app/kundali/kundali-page.component.ts:23:16
    23   templateUrl: './kundali-page.component.html',
                      ~~~~~~~~~~~~~~~~~~~~~~~~~~~~~~~
    Error occurs in the template of component KundaliPageComponent.


Error: src/app/kundali/kundali-page.component.html:33:28 - error NG8004: No pipe found with name 't'.

33       {{ 'kundali.dasha' | t }}
                              ~

  src/app/kundali/kundali-page.component.ts:23:16
    23   templateUrl: './kundali-page.component.html',
                      ~~~~~~~~~~~~~~~~~~~~~~~~~~~~~~~
    Error occurs in the template of component KundaliPageComponent.


Error: src/app/kundali/kundali-page.component.html:36:28 - error NG8004: No pipe found with name 't'.

36       {{ 'kundali.yogas' | t }}
                              ~

  src/app/kundali/kundali-page.component.ts:23:16
    23   templateUrl: './kundali-page.component.html',
                      ~~~~~~~~~~~~~~~~~~~~~~~~~~~~~~~
    Error occurs in the template of component KundaliPageComponent.


Error: src/app/kundali/kundali-page.component.html:39:35 - error NG8004: No pipe found with name 't'.

39       {{ 'kundali.ashtakavarga' | t }}
                                     ~

  src/app/kundali/kundali-page.component.ts:23:16
    23   templateUrl: './kundali-page.component.html',
                      ~~~~~~~~~~~~~~~~~~~~~~~~~~~~~~~
    Error occurs in the template of component KundaliPageComponent.


Error: src/app/kundali/kundali-page.component.html:42:31 - error NG8004: No pipe found with name 't'.

42       {{ 'kundali.shadbala' | t }}
                                 ~

  src/app/kundali/kundali-page.component.ts:23:16
    23   templateUrl: './kundali-page.component.html',
                      ~~~~~~~~~~~~~~~~~~~~~~~~~~~~~~~
    Error occurs in the template of component KundaliPageComponent.


Error: src/app/kundali/kundali-page.component.html:45:30 - error NG8004: No pipe found with name 't'.

45       {{ 'kundali.transit' | t }}
                                ~

  src/app/kundali/kundali-page.component.ts:23:16
    23   templateUrl: './kundali-page.component.html',
                      ~~~~~~~~~~~~~~~~~~~~~~~~~~~~~~~
    Error occurs in the template of component KundaliPageComponent.


Error: src/app/kundali/kundali-page.component.html:53:30 - error NG8004: No pipe found with name 't'.

53       {{ 'kundali.reports' | t }}
                                ~

  src/app/kundali/kundali-page.component.ts:23:16
    23   templateUrl: './kundali-page.component.html',
                      ~~~~~~~~~~~~~~~~~~~~~~~~~~~~~~~
    Error occurs in the template of component KundaliPageComponent.


Error: src/app/kundali/kundali-page.component.html:61:26 - error NG8004: No pipe found with name 't'.

61       {{ 'kundali.ask' | t }}
                            ~

  src/app/kundali/kundali-page.component.ts:23:16
    23   templateUrl: './kundali-page.component.html',
                      ~~~~~~~~~~~~~~~~~~~~~~~~~~~~~~~
    Error occurs in the template of component KundaliPageComponent.


Error: src/app/kundali/kundali-page.component.html:73:34 - error NG8004: No pipe found with name 't'.

73         <h2>{{ 'kundali.lagna' | t }}</h2>
                                    ~

  src/app/kundali/kundali-page.component.ts:23:16
    23   templateUrl: './kundali-page.component.html',
                      ~~~~~~~~~~~~~~~~~~~~~~~~~~~~~~~
    Error occurs in the template of component KundaliPageComponent.


Error: src/app/kundali/kundali-page.component.html:530:39 - error NG8004: No pipe found with name 't'.

530           <h2>{{ 'kundali.sadeSati' | t }}</h2>
                                          ~

  src/app/kundali/kundali-page.component.ts:23:16
    23   templateUrl: './kundali-page.component.html',
                      ~~~~~~~~~~~~~~~~~~~~~~~~~~~~~~~
    Error occurs in the template of component KundaliPageComponent.


Error: src/app/kundali/kundali-page.component.html:601:34 - error NG8004: No pipe found with name 't'.

601     <h2>{{ 'kundali.pdf.title' | t }}</h2>
                                     ~

  src/app/kundali/kundali-page.component.ts:23:16
    23   templateUrl: './kundali-page.component.html',
                      ~~~~~~~~~~~~~~~~~~~~~~~~~~~~~~~
    Error occurs in the template of component KundaliPageComponent.


Error: src/app/kundali/kundali-page.component.html:628:28 - error NG8004: No pipe found with name 't'.

628     <h2>{{ 'kundali.ask' | t }}</h2>
                               ~

  src/app/kundali/kundali-page.component.ts:23:16
    23   templateUrl: './kundali-page.component.html',
                      ~~~~~~~~~~~~~~~~~~~~~~~~~~~~~~~
    Error occurs in the template of component KundaliPageComponent.


Error: src/app/matching/matching-page.component.html:6:28 - error NG8004: No pipe found with name 't'.

6     <h2>{{ 'match.title' | t }}</h2>
                             ~

  src/app/matching/matching-page.component.ts:11:16
    11   templateUrl: './matching-page.component.html',
                      ~~~~~~~~~~~~~~~~~~~~~~~~~~~~~~~~
    Error occurs in the template of component MatchingPageComponent.


Error: src/app/matching/matching-page.component.html:7:61 - error NG8004: No pipe found with name 't'.

7     <a routerLink="/" class="btn ghost">{{ 'nav.profiles' | t }}</a>
                                                              ~

  src/app/matching/matching-page.component.ts:11:16
    11   templateUrl: './matching-page.component.html',
                      ~~~~~~~~~~~~~~~~~~~~~~~~~~~~~~~~
    Error occurs in the template of component MatchingPageComponent.


Error: src/app/matching/matching-page.component.html:9:47 - error NG8004: No pipe found with name 't'.

9   <p class="hint">{{ 'match.selectProfiles' | t }}</p>
                                                ~

  src/app/matching/matching-page.component.ts:11:16
    11   templateUrl: './matching-page.component.html',
                      ~~~~~~~~~~~~~~~~~~~~~~~~~~~~~~~~
    Error occurs in the template of component MatchingPageComponent.


Error: src/app/matching/matching-page.component.html:13:28 - error NG8004: No pipe found with name 't'.

13       {{ 'match.personA' | t }}
                              ~

  src/app/matching/matching-page.component.ts:11:16
    11   templateUrl: './matching-page.component.html',
                      ~~~~~~~~~~~~~~~~~~~~~~~~~~~~~~~~
    Error occurs in the template of component MatchingPageComponent.


Error: src/app/matching/matching-page.component.html:20:28 - error NG8004: No pipe found with name 't'.

20       {{ 'match.personB' | t }}
                              ~

  src/app/matching/matching-page.component.ts:11:16
    11   templateUrl: './matching-page.component.html',
                      ~~~~~~~~~~~~~~~~~~~~~~~~~~~~~~~~
    Error occurs in the template of component MatchingPageComponent.


Error: src/app/matching/matching-page.component.html:30:34 - error NG8004: No pipe found with name 't'.

30       {{ busy ? ('common.busy' | t) : ('match.run' | t) }}
                                    ~

  src/app/matching/matching-page.component.ts:11:16
    11   templateUrl: './matching-page.component.html',
                      ~~~~~~~~~~~~~~~~~~~~~~~~~~~~~~~~
    Error occurs in the template of component MatchingPageComponent.


Error: src/app/matching/matching-page.component.html:30:54 - error NG8004: No pipe found with name 't'.

30       {{ busy ? ('common.busy' | t) : ('match.run' | t) }}
                                                        ~

  src/app/matching/matching-page.component.ts:11:16
    11   templateUrl: './matching-page.component.html',
                      ~~~~~~~~~~~~~~~~~~~~~~~~~~~~~~~~
    Error occurs in the template of component MatchingPageComponent.


Error: src/app/matching/matching-page.component.html:33:27 - error NG8004: No pipe found with name 't'.

33       {{ 'common.clear' | t }}
                             ~

  src/app/matching/matching-page.component.ts:11:16
    11   templateUrl: './matching-page.component.html',
                      ~~~~~~~~~~~~~~~~~~~~~~~~~~~~~~~~
    Error occurs in the template of component MatchingPageComponent.


Error: src/app/matching/matching-page.component.html:40:29 - error NG8004: No pipe found with name 't'.

40     <h2>{{ 'match.result' | t: { id: r.id } }}</h2>
                               ~

  src/app/matching/matching-page.component.ts:11:16
    11   templateUrl: './matching-page.component.html',
                      ~~~~~~~~~~~~~~~~~~~~~~~~~~~~~~~~
    Error occurs in the template of component MatchingPageComponent.


Error: src/app/matching/matching-page.component.html:43:42 - error NG8004: No pipe found with name 't'.

43         {{ reportBusy ? ('common.busy' | t) : ('match.downloadPdf' | t) }}
                                            ~

  src/app/matching/matching-page.component.ts:11:16
    11   templateUrl: './matching-page.component.html',
                      ~~~~~~~~~~~~~~~~~~~~~~~~~~~~~~~~
    Error occurs in the template of component MatchingPageComponent.


Error: src/app/matching/matching-page.component.html:43:70 - error NG8004: No pipe found with name 't'.

43         {{ reportBusy ? ('common.busy' | t) : ('match.downloadPdf' | t) }}
                                                                        ~

  src/app/matching/matching-page.component.ts:11:16
    11   templateUrl: './matching-page.component.html',
                      ~~~~~~~~~~~~~~~~~~~~~~~~~~~~~~~~
    Error occurs in the template of component MatchingPageComponent.


Error: src/app/panchang/panchang-page.component.html:6:31 - error NG8004: No pipe found with name 't'.

6     <h2>{{ 'panchang.title' | t }}</h2>
                                ~

  src/app/panchang/panchang-page.component.ts:10:16
    10   templateUrl: './panchang-page.component.html',
                      ~~~~~~~~~~~~~~~~~~~~~~~~~~~~~~~~
    Error occurs in the template of component PanchangPageComponent.


Error: src/app/panchang/panchang-page.component.html:9:48 - error NG8004: No pipe found with name 't'.

9   <p class="hint">{{ 'panchang.moonriseSoon' | t }}</p>
                                                 ~

  src/app/panchang/panchang-page.component.ts:10:16
    10   templateUrl: './panchang-page.component.html',
                      ~~~~~~~~~~~~~~~~~~~~~~~~~~~~~~~~
    Error occurs in the template of component PanchangPageComponent.


Error: src/app/panchang/panchang-page.component.html:13:28 - error NG8004: No pipe found with name 't'.

13       {{ 'panchang.date' | t }}
                              ~

  src/app/panchang/panchang-page.component.ts:10:16
    10   templateUrl: './panchang-page.component.html',
                      ~~~~~~~~~~~~~~~~~~~~~~~~~~~~~~~~
    Error occurs in the template of component PanchangPageComponent.


Error: src/app/panchang/panchang-page.component.html:28:34 - error NG8004: No pipe found with name 't'.

28       {{ 'profile.placeSearch' | t }}
                                    ~

  src/app/panchang/panchang-page.component.ts:10:16
    10   templateUrl: './panchang-page.component.html',
                      ~~~~~~~~~~~~~~~~~~~~~~~~~~~~~~~~
    Error occurs in the template of component PanchangPageComponent.


Error: src/app/panchang/panchang-page.component.html:33:47 - error NG8004: No pipe found with name 't'.

33           [placeholder]="'profile.searchPh' | t"
                                                 ~

  src/app/panchang/panchang-page.component.ts:10:16
    10   templateUrl: './panchang-page.component.html',
                      ~~~~~~~~~~~~~~~~~~~~~~~~~~~~~~~~
    Error occurs in the template of component PanchangPageComponent.


Error: src/app/panchang/panchang-page.component.html:36:89 - error NG8004: No pipe found with name 't'.

36         <button type="button" class="btn" (click)="searchPlaces()">{{ 'common.search' | t }}</button>
                                                                                           ~

  src/app/panchang/panchang-page.component.ts:10:16
    10   templateUrl: './panchang-page.component.html',
                      ~~~~~~~~~~~~~~~~~~~~~~~~~~~~~~~~
    Error occurs in the template of component PanchangPageComponent.


Error: src/app/panchang/panchang-page.component.html:40:55 - error NG8004: No pipe found with name 't'.

40   <p class="hint place-help">{{ 'profile.placeHelp' | t }}</p>
                                                         ~

  src/app/panchang/panchang-page.component.ts:10:16
    10   templateUrl: './panchang-page.component.html',
                      ~~~~~~~~~~~~~~~~~~~~~~~~~~~~~~~~
    Error occurs in the template of component PanchangPageComponent.


Error: src/app/panchang/panchang-page.component.html:51:27 - error NG8004: No pipe found with name 't'.

51       {{ 'common.place' | t }}
                             ~

  src/app/panchang/panchang-page.component.ts:10:16
    10   templateUrl: './panchang-page.component.html',
                      ~~~~~~~~~~~~~~~~~~~~~~~~~~~~~~~~
    Error occurs in the template of component PanchangPageComponent.


Error: src/app/panchang/panchang-page.component.html:55:30 - error NG8004: No pipe found with name 't'.

55       {{ 'common.latitude' | t }}
                                ~

  src/app/panchang/panchang-page.component.ts:10:16
    10   templateUrl: './panchang-page.component.html',
                      ~~~~~~~~~~~~~~~~~~~~~~~~~~~~~~~~
    Error occurs in the template of component PanchangPageComponent.


Error: src/app/panchang/panchang-page.component.html:59:31 - error NG8004: No pipe found with name 't'.

59       {{ 'common.longitude' | t }}
                                 ~

  src/app/panchang/panchang-page.component.ts:10:16
    10   templateUrl: './panchang-page.component.html',
                      ~~~~~~~~~~~~~~~~~~~~~~~~~~~~~~~~
    Error occurs in the template of component PanchangPageComponent.


Error: src/app/panchang/panchang-page.component.html:63:30 - error NG8004: No pipe found with name 't'.

63       {{ 'common.timezone' | t }}
                                ~

  src/app/panchang/panchang-page.component.ts:10:16
    10   templateUrl: './panchang-page.component.html',
                      ~~~~~~~~~~~~~~~~~~~~~~~~~~~~~~~~
    Error occurs in the template of component PanchangPageComponent.


Error: src/app/panchang/panchang-page.component.html:70:34 - error NG8004: No pipe found with name 't'.

70       {{ busy ? ('common.busy' | t) : ('panchang.compute' | t) }}
                                    ~

  src/app/panchang/panchang-page.component.ts:10:16
    10   templateUrl: './panchang-page.component.html',
                      ~~~~~~~~~~~~~~~~~~~~~~~~~~~~~~~~
    Error occurs in the template of component PanchangPageComponent.


Error: src/app/panchang/panchang-page.component.html:70:61 - error NG8004: No pipe found with name 't'.

70       {{ busy ? ('common.busy' | t) : ('panchang.compute' | t) }}
                                                               ~

  src/app/panchang/panchang-page.component.ts:10:16
    10   templateUrl: './panchang-page.component.html',
                      ~~~~~~~~~~~~~~~~~~~~~~~~~~~~~~~~
    Error occurs in the template of component PanchangPageComponent.


Error: src/app/profiles/profiles-page.component.html:6:42 - error NG8004: No pipe found with name 't'.

6     <h2>{{ editingId ? ('profile.edit' | t) : ('profile.new' | t) }}</h2>
                                           ~

  src/app/profiles/profiles-page.component.ts:13:16
    13   templateUrl: './profiles-page.component.html',
                      ~~~~~~~~~~~~~~~~~~~~~~~~~~~~~~~~
    Error occurs in the template of component ProfilesPageComponent.


Error: src/app/profiles/profiles-page.component.html:6:64 - error NG8004: No pipe found with name 't'.

6     <h2>{{ editingId ? ('profile.edit' | t) : ('profile.new' | t) }}</h2>
                                                                 ~

  src/app/profiles/profiles-page.component.ts:13:16
    13   templateUrl: './profiles-page.component.html',
                      ~~~~~~~~~~~~~~~~~~~~~~~~~~~~~~~~
    Error occurs in the template of component ProfilesPageComponent.


Error: src/app/profiles/profiles-page.component.html:8:27 - error NG8004: No pipe found with name 't'.

8       {{ 'common.clear' | t }}
                            ~

  src/app/profiles/profiles-page.component.ts:13:16
    13   templateUrl: './profiles-page.component.html',
                      ~~~~~~~~~~~~~~~~~~~~~~~~~~~~~~~~
    Error occurs in the template of component ProfilesPageComponent.


Error: src/app/profiles/profiles-page.component.html:14:26 - error NG8004: No pipe found with name 't'.

14       {{ 'common.name' | t }}
                            ~

  src/app/profiles/profiles-page.component.ts:13:16
    13   templateUrl: './profiles-page.component.html',
                      ~~~~~~~~~~~~~~~~~~~~~~~~~~~~~~~~
    Error occurs in the template of component ProfilesPageComponent.


Error: src/app/profiles/profiles-page.component.html:15:93 - error NG8004: No pipe found with name 't'.

15       <input [(ngModel)]="displayName" name="displayName" [placeholder]="'profile.namePh' | t" />
                                                                                               ~

  src/app/profiles/profiles-page.component.ts:13:16
    13   templateUrl: './profiles-page.component.html',
                      ~~~~~~~~~~~~~~~~~~~~~~~~~~~~~~~~
    Error occurs in the template of component ProfilesPageComponent.


Error: src/app/profiles/profiles-page.component.html:18:29 - error NG8004: No pipe found with name 't'.

18       {{ 'profile.gender' | t }}
                               ~

  src/app/profiles/profiles-page.component.ts:13:16
    13   templateUrl: './profiles-page.component.html',
                      ~~~~~~~~~~~~~~~~~~~~~~~~~~~~~~~~
    Error occurs in the template of component ProfilesPageComponent.


Error: src/app/profiles/profiles-page.component.html:21:57 - error NG8004: No pipe found with name 't'.

21         <option value="MALE">{{ 'profile.gender.male' | t }}</option>
                                                           ~

  src/app/profiles/profiles-page.component.ts:13:16
    13   templateUrl: './profiles-page.component.html',
                      ~~~~~~~~~~~~~~~~~~~~~~~~~~~~~~~~
    Error occurs in the template of component ProfilesPageComponent.


Error: src/app/profiles/profiles-page.component.html:22:61 - error NG8004: No pipe found with name 't'.

22         <option value="FEMALE">{{ 'profile.gender.female' | t }}</option>
                                                               ~

  src/app/profiles/profiles-page.component.ts:13:16
    13   templateUrl: './profiles-page.component.html',
                      ~~~~~~~~~~~~~~~~~~~~~~~~~~~~~~~~
    Error occurs in the template of component ProfilesPageComponent.


Error: src/app/profiles/profiles-page.component.html:23:59 - error NG8004: No pipe found with name 't'.

23         <option value="OTHER">{{ 'profile.gender.other' | t }}</option>
                                                             ~

  src/app/profiles/profiles-page.component.ts:13:16
    13   templateUrl: './profiles-page.component.html',
                      ~~~~~~~~~~~~~~~~~~~~~~~~~~~~~~~~
    Error occurs in the template of component ProfilesPageComponent.


Error: src/app/profiles/profiles-page.component.html:27:26 - error NG8004: No pipe found with name 't'.

27       {{ 'profile.dob' | t }}
                            ~

  src/app/profiles/profiles-page.component.ts:13:16
    13   templateUrl: './profiles-page.component.html',
                      ~~~~~~~~~~~~~~~~~~~~~~~~~~~~~~~~
    Error occurs in the template of component ProfilesPageComponent.


Error: src/app/profiles/profiles-page.component.html:31:26 - error NG8004: No pipe found with name 't'.

31       {{ 'profile.tob' | t }}
                            ~

  src/app/profiles/profiles-page.component.ts:13:16
    13   templateUrl: './profiles-page.component.html',
                      ~~~~~~~~~~~~~~~~~~~~~~~~~~~~~~~~
    Error occurs in the template of component ProfilesPageComponent.


Error: src/app/profiles/profiles-page.component.html:42:34 - error NG8004: No pipe found with name 't'.

42       {{ 'profile.timeUnknown' | t }}
                                    ~

  src/app/profiles/profiles-page.component.ts:13:16
    13   templateUrl: './profiles-page.component.html',
                      ~~~~~~~~~~~~~~~~~~~~~~~~~~~~~~~~
    Error occurs in the template of component ProfilesPageComponent.


Error: src/app/profiles/profiles-page.component.html:46:26 - error NG8004: No pipe found with name 't'.

46       {{ 'profile.dst' | t }}
                            ~

  src/app/profiles/profiles-page.component.ts:13:16
    13   templateUrl: './profiles-page.component.html',
                      ~~~~~~~~~~~~~~~~~~~~~~~~~~~~~~~~
    Error occurs in the template of component ProfilesPageComponent.


Error: src/app/profiles/profiles-page.component.html:52:34 - error NG8004: No pipe found with name 't'.

52       {{ 'profile.placeSearch' | t }}
                                    ~

  src/app/profiles/profiles-page.component.ts:13:16
    13   templateUrl: './profiles-page.component.html',
                      ~~~~~~~~~~~~~~~~~~~~~~~~~~~~~~~~
    Error occurs in the template of component ProfilesPageComponent.


Error: src/app/profiles/profiles-page.component.html:57:47 - error NG8004: No pipe found with name 't'.

57           [placeholder]="'profile.searchPh' | t"
                                                 ~

  src/app/profiles/profiles-page.component.ts:13:16
    13   templateUrl: './profiles-page.component.html',
                      ~~~~~~~~~~~~~~~~~~~~~~~~~~~~~~~~
    Error occurs in the template of component ProfilesPageComponent.


Error: src/app/profiles/profiles-page.component.html:62:54 - error NG8004: No pipe found with name 't'.

62           {{ placeSearchBusy ? ('common.searching' | t) : ('common.search' | t) }}
                                                        ~

  src/app/profiles/profiles-page.component.ts:13:16
    13   templateUrl: './profiles-page.component.html',
                      ~~~~~~~~~~~~~~~~~~~~~~~~~~~~~~~~
    Error occurs in the template of component ProfilesPageComponent.


Error: src/app/profiles/profiles-page.component.html:62:78 - error NG8004: No pipe found with name 't'.

62           {{ placeSearchBusy ? ('common.searching' | t) : ('common.search' | t) }}
                                                                                ~

  src/app/profiles/profiles-page.component.ts:13:16
    13   templateUrl: './profiles-page.component.html',
                      ~~~~~~~~~~~~~~~~~~~~~~~~~~~~~~~~
    Error occurs in the template of component ProfilesPageComponent.


Error: src/app/profiles/profiles-page.component.html:67:55 - error NG8004: No pipe found with name 't'.

67   <p class="hint place-help">{{ 'profile.placeHelp' | t }}</p>
                                                         ~

  src/app/profiles/profiles-page.component.ts:13:16
    13   templateUrl: './profiles-page.component.html',
                      ~~~~~~~~~~~~~~~~~~~~~~~~~~~~~~~~
    Error occurs in the template of component ProfilesPageComponent.


Error: src/app/profiles/profiles-page.component.html:79:31 - error NG8004: No pipe found with name 't'.

79     {{ 'profile.placeEmpty' | t }}
                                 ~

  src/app/profiles/profiles-page.component.ts:13:16
    13   templateUrl: './profiles-page.component.html',
                      ~~~~~~~~~~~~~~~~~~~~~~~~~~~~~~~~
    Error occurs in the template of component ProfilesPageComponent.


Error: src/app/profiles/profiles-page.component.html:84:27 - error NG8004: No pipe found with name 't'.

84       {{ 'common.place' | t }}
                             ~

  src/app/profiles/profiles-page.component.ts:13:16
    13   templateUrl: './profiles-page.component.html',
                      ~~~~~~~~~~~~~~~~~~~~~~~~~~~~~~~~
    Error occurs in the template of component ProfilesPageComponent.


Error: src/app/profiles/profiles-page.component.html:88:44 - error NG8004: No pipe found with name 't'.

88         [placeholder]="'profile.placePh' | t"
                                              ~

  src/app/profiles/profiles-page.component.ts:13:16
    13   templateUrl: './profiles-page.component.html',
                      ~~~~~~~~~~~~~~~~~~~~~~~~~~~~~~~~
    Error occurs in the template of component ProfilesPageComponent.


Error: src/app/profiles/profiles-page.component.html:93:30 - error NG8004: No pipe found with name 't'.

93       {{ 'common.latitude' | t }}
                                ~

  src/app/profiles/profiles-page.component.ts:13:16
    13   templateUrl: './profiles-page.component.html',
                      ~~~~~~~~~~~~~~~~~~~~~~~~~~~~~~~~
    Error occurs in the template of component ProfilesPageComponent.


Error: src/app/profiles/profiles-page.component.html:104:31 - error NG8004: No pipe found with name 't'.

104       {{ 'common.longitude' | t }}
                                  ~

  src/app/profiles/profiles-page.component.ts:13:16
    13   templateUrl: './profiles-page.component.html',
                      ~~~~~~~~~~~~~~~~~~~~~~~~~~~~~~~~
    Error occurs in the template of component ProfilesPageComponent.


Error: src/app/profiles/profiles-page.component.html:115:30 - error NG8004: No pipe found with name 't'.

115       {{ 'common.timezone' | t }}
                                 ~

  src/app/profiles/profiles-page.component.ts:13:16
    13   templateUrl: './profiles-page.component.html',
                      ~~~~~~~~~~~~~~~~~~~~~~~~~~~~~~~~
    Error occurs in the template of component ProfilesPageComponent.


Error: src/app/profiles/profiles-page.component.html:119:27 - error NG8004: No pipe found with name 't'.

119       {{ 'common.notes' | t }}
                              ~

  src/app/profiles/profiles-page.component.ts:13:16
    13   templateUrl: './profiles-page.component.html',
                      ~~~~~~~~~~~~~~~~~~~~~~~~~~~~~~~~
    Error occurs in the template of component ProfilesPageComponent.


Error: src/app/profiles/profiles-page.component.html:126:42 - error NG8004: No pipe found with name 't'.

126       {{ editingId ? ('profile.update' | t) : ('profile.save' | t) }}
                                             ~

  src/app/profiles/profiles-page.component.ts:13:16
    13   templateUrl: './profiles-page.component.html',
                      ~~~~~~~~~~~~~~~~~~~~~~~~~~~~~~~~
    Error occurs in the template of component ProfilesPageComponent.


Error: src/app/profiles/profiles-page.component.html:126:65 - error NG8004: No pipe found with name 't'.

126       {{ editingId ? ('profile.update' | t) : ('profile.save' | t) }}
                                                                    ~

  src/app/profiles/profiles-page.component.ts:13:16
    13   templateUrl: './profiles-page.component.html',
                      ~~~~~~~~~~~~~~~~~~~~~~~~~~~~~~~~
    Error occurs in the template of component ProfilesPageComponent.


Error: src/app/profiles/profiles-page.component.html:133:29 - error NG8004: No pipe found with name 't'.

133     <h2>{{ 'profile.list' | t }}</h2>
                                ~

  src/app/profiles/profiles-page.component.ts:13:16
    13   templateUrl: './profiles-page.component.html',
                      ~~~~~~~~~~~~~~~~~~~~~~~~~~~~~~~~
    Error occurs in the template of component ProfilesPageComponent.


Error: src/app/profiles/profiles-page.component.html:138:47 - error NG8004: No pipe found with name 't'.

138         [placeholder]="'profile.searchName' | t"
                                                  ~

  src/app/profiles/profiles-page.component.ts:13:16
    13   templateUrl: './profiles-page.component.html',
                      ~~~~~~~~~~~~~~~~~~~~~~~~~~~~~~~~
    Error occurs in the template of component ProfilesPageComponent.


Error: src/app/profiles/profiles-page.component.html:148:40 - error NG8004: No pipe found with name 't'.

148         {{ 'profile.includeArchived' | t }}
                                           ~

  src/app/profiles/profiles-page.component.ts:13:16
    13   templateUrl: './profiles-page.component.html',
                      ~~~~~~~~~~~~~~~~~~~~~~~~~~~~~~~~
    Error occurs in the template of component ProfilesPageComponent.


Error: src/app/profiles/profiles-page.component.html:151:31 - error NG8004: No pipe found with name 't'.

151         {{ 'common.refresh' | t }}
                                  ~

  src/app/profiles/profiles-page.component.ts:13:16
    13   templateUrl: './profiles-page.component.html',
                      ~~~~~~~~~~~~~~~~~~~~~~~~~~~~~~~~
    Error occurs in the template of component ProfilesPageComponent.


Error: src/app/profiles/profiles-page.component.html:159:32 - error NG8004: No pipe found with name 't'.

159         <th>{{ 'common.name' | t }}</th>
                                   ~

  src/app/profiles/profiles-page.component.ts:13:16
    13   templateUrl: './profiles-page.component.html',
                      ~~~~~~~~~~~~~~~~~~~~~~~~~~~~~~~~
    Error occurs in the template of component ProfilesPageComponent.


Error: src/app/profiles/profiles-page.component.html:160:36 - error NG8004: No pipe found with name 't'.

160         <th>{{ 'profile.col.dob' | t }}</th>
                                       ~

  src/app/profiles/profiles-page.component.ts:13:16
    13   templateUrl: './profiles-page.component.html',
                      ~~~~~~~~~~~~~~~~~~~~~~~~~~~~~~~~
    Error occurs in the template of component ProfilesPageComponent.


Error: src/app/profiles/profiles-page.component.html:161:33 - error NG8004: No pipe found with name 't'.

161         <th>{{ 'common.place' | t }}</th>
                                    ~

  src/app/profiles/profiles-page.component.ts:13:16
    13   templateUrl: './profiles-page.component.html',
                      ~~~~~~~~~~~~~~~~~~~~~~~~~~~~~~~~
    Error occurs in the template of component ProfilesPageComponent.


Error: src/app/profiles/profiles-page.component.html:162:34 - error NG8004: No pipe found with name 't'.

162         <th>{{ 'common.status' | t }}</th>
                                     ~

  src/app/profiles/profiles-page.component.ts:13:16
    13   templateUrl: './profiles-page.component.html',
                      ~~~~~~~~~~~~~~~~~~~~~~~~~~~~~~~~
    Error occurs in the template of component ProfilesPageComponent.


Error: src/app/profiles/profiles-page.component.html:182:64 - error NG8004: No pipe found with name 't'.

182             {{ generatingId === p.id ? ('profile.generating' | t) : ('profile.kundali' | t) }}
                                                                   ~

  src/app/profiles/profiles-page.component.ts:13:16
    13   templateUrl: './profiles-page.component.html',
                      ~~~~~~~~~~~~~~~~~~~~~~~~~~~~~~~~
    Error occurs in the template of component ProfilesPageComponent.


Error: src/app/profiles/profiles-page.component.html:182:90 - error NG8004: No pipe found with name 't'.

182             {{ generatingId === p.id ? ('profile.generating' | t) : ('profile.kundali' | t) }}
                                                                                             ~

  src/app/profiles/profiles-page.component.ts:13:16
    13   templateUrl: './profiles-page.component.html',
                      ~~~~~~~~~~~~~~~~~~~~~~~~~~~~~~~~
    Error occurs in the template of component ProfilesPageComponent.


Error: src/app/profiles/profiles-page.component.html:184:88 - error NG8004: No pipe found with name 't'.

184           <button type="button" class="btn ghost" (click)="edit(p)">{{ 'common.edit' | t }}</button>
                                                                                           ~

  src/app/profiles/profiles-page.component.ts:13:16
    13   templateUrl: './profiles-page.component.html',
                      ~~~~~~~~~~~~~~~~~~~~~~~~~~~~~~~~
    Error occurs in the template of component ProfilesPageComponent.


Error: src/app/profiles/profiles-page.component.html:186:37 - error NG8004: No pipe found with name 't'.

186             {{ 'common.duplicate' | t }}
                                        ~

  src/app/profiles/profiles-page.component.ts:13:16
    13   templateUrl: './profiles-page.component.html',
                      ~~~~~~~~~~~~~~~~~~~~~~~~~~~~~~~~
    Error occurs in the template of component ProfilesPageComponent.


Error: src/app/profiles/profiles-page.component.html:194:35 - error NG8004: No pipe found with name 't'.

194             {{ 'common.archive' | t }}
                                      ~

  src/app/profiles/profiles-page.component.ts:13:16
    13   templateUrl: './profiles-page.component.html',
                      ~~~~~~~~~~~~~~~~~~~~~~~~~~~~~~~~
    Error occurs in the template of component ProfilesPageComponent.


Error: src/app/profiles/profiles-page.component.html:197:34 - error NG8004: No pipe found with name 't'.

197             {{ 'common.delete' | t }}
                                     ~

  src/app/profiles/profiles-page.component.ts:13:16
    13   templateUrl: './profiles-page.component.html',
                      ~~~~~~~~~~~~~~~~~~~~~~~~~~~~~~~~
    Error occurs in the template of component ProfilesPageComponent.


Error: src/app/profiles/profiles-page.component.html:204:42 - error NG8004: No pipe found with name 't'.

204     <p class="hint">{{ 'profile.empty' | t }}</p>
                                             ~

  src/app/profiles/profiles-page.component.ts:13:16
    13   templateUrl: './profiles-page.component.html',
                      ~~~~~~~~~~~~~~~~~~~~~~~~~~~~~~~~
    Error occurs in the template of component ProfilesPageComponent.



npm notice
npm notice New major version of npm available! 10.8.2 -> 12.0.2
npm notice Changelog: https://github.com/npm/cli/releases/tag/v12.0.2
npm notice To update run: npm install -g npm@12.0.2
npm notice
